// Jest Snapshot v1, https://goo.gl/fbAQLP

exports[`SearchPanel can render 1`] = `
<DocumentFragment>
  <div
    class="wrapper-container"
  >
    <h3
      class="heading"
    >
      Find your movie
    </h3>
    <div
      class="search-wrapper"
    >
      <input
        class="search-input"
        placeholder="What do you want to watch?"
      />
      <button
        class="search-button"
      >
        Search
      </button>
    </div>
  </div>
</DocumentFragment>
`;

exports[`SearchPanel can set value by input change 1`] = `[MockFunction]`;

exports[`SearchPanel should render properly 1`] = `
<DocumentFragment>
  <div
    class="wrapper-container"
  >
    <h3
      class="heading"
    >
      Find your movie
    </h3>
    <div
      class="search-wrapper"
    >
      <input
        class="search-input"
        placeholder="What do you want to watch?"
      />
      <button
        class="search-button"
      >
        Search
      </button>
    </div>
  </div>
</DocumentFragment>
`;
